Product: MDK-ARM Standard Cortex-M only 5.10
Component: ARM Compiler 5.04 update 1 (build 49)
Tool: armlink [5040049]

==============================================================================

Section Cross References

    init.o(i.initBasics) refers to system_stm32f4xx.o(i.SystemCoreClockUpdate) for SystemCoreClockUpdate
    init.o(i.initConsoleUSART) refers to cfgplatform.o(.constdata) for cfgAPB_AHB_prescalerTable
    init.o(i.initConsoleUSART) refers to system_stm32f4xx.o(.data) for SystemCoreClock
    main.o(i.main) refers to init.o(i.initBasics) for initBasics
    main.o(i.main) refers to init.o(i.initConsoleUSART) for initConsoleUSART
    main.o(i.main) refers to printf3.o(i.__0printf$3) for __2printf
    main.o(i.main) refers to drvsystick.o(i.drvSysTick_start) for drvSysTick_start
    main.o(i.main) refers to drvgpio.o(i.drvGPIO_start) for drvGPIO_start
    main.o(i.main) refers to drvuart.o(i.drvUART_start) for drvUART_start
    main.o(i.main) refers to prpline.o(i.prpLine_start) for prpLine_start
    main.o(i.main) refers to drvsystick.o(i.drvSysTick_waitForTick) for drvSysTick_waitForTick
    main.o(i.main) refers to prpline.o(i.prpLine_handler) for prpLine_handler
    main.o(i.main) refers to prpline.o(i.prpLine_readLine) for prpLine_readLine
    main.o(i.main) refers to drvuart.o(i.drvUART_write) for drvUART_write
    main.o(i.main) refers to prpline.o(i.prpLine_stop) for prpLine_stop
    main.o(i.main) refers to drvuart.o(i.drvUART_stop) for drvUART_stop
    main.o(i.main) refers to drvgpio.o(i.drvGPIO_stop) for drvGPIO_stop
    main.o(i.main) refers to drvsystick.o(i.drvSysTick_stop) for drvSysTick_stop
    main.o(i.main) refers to main.o(.constdata) for strApplicationTitle
    main.o(i.main) refers to cfgproject.o(.constdata) for cfgDrvUART
    retarget.o(i.fgetc) refers to retarget.o(i.readChar) for readChar
    retarget.o(i.fputc) refers to retarget.o(i.writeChar) for writeChar
    cfgproject.o(.constdata) refers to cfgproject.o(.bss) for sDrvUART_rxBufInstN0
    drvgpio.o(i.drvGPIO_clrOutputBits) refers to printf3.o(i.__0printf$3) for __2printf
    drvgpio.o(i.drvGPIO_clrOutputBits) refers to drvgpio.o(.constdata) for __func__
    drvgpio.o(i.drvGPIO_clrOutputBits) refers to drvgpio.o(.bss) for sInstDscr
    drvgpio.o(i.drvGPIO_configPin) refers to printf3.o(i.__0printf$3) for __2printf
    drvgpio.o(i.drvGPIO_configPin) refers to drvgpio.o(.constdata) for __func__
    drvgpio.o(i.drvGPIO_configPin) refers to drvgpio.o(.bss) for sInstDscr
    drvgpio.o(i.drvGPIO_isRunning) refers to printf3.o(i.__0printf$3) for __2printf
    drvgpio.o(i.drvGPIO_isRunning) refers to drvgpio.o(.constdata) for __func__
    drvgpio.o(i.drvGPIO_isRunning) refers to drvgpio.o(.bss) for sInstDscr
    drvgpio.o(i.drvGPIO_readIO_state) refers to printf3.o(i.__0printf$3) for __2printf
    drvgpio.o(i.drvGPIO_readIO_state) refers to drvgpio.o(.constdata) for __func__
    drvgpio.o(i.drvGPIO_readIO_state) refers to drvgpio.o(.bss) for sInstDscr
    drvgpio.o(i.drvGPIO_setOutputBits) refers to printf3.o(i.__0printf$3) for __2printf
    drvgpio.o(i.drvGPIO_setOutputBits) refers to drvgpio.o(.constdata) for __func__
    drvgpio.o(i.drvGPIO_setOutputBits) refers to drvgpio.o(.bss) for sInstDscr
    drvgpio.o(i.drvGPIO_start) refers to printf3.o(i.__0printf$3) for __2printf
    drvgpio.o(i.drvGPIO_start) refers to drvgpio.o(i.initInst) for initInst
    drvgpio.o(i.drvGPIO_start) refers to drvgpio.o(.constdata) for __func__
    drvgpio.o(i.drvGPIO_start) refers to drvgpio.o(.bss) for sInstDscr
    drvgpio.o(i.drvGPIO_stop) refers to printf3.o(i.__0printf$3) for __2printf
    drvgpio.o(i.drvGPIO_stop) refers to drvgpio.o(.constdata) for __func__
    drvgpio.o(i.drvGPIO_stop) refers to drvgpio.o(.bss) for sInstDscr
    drvgpio.o(i.initInst) refers to drvgpio.o(.bss) for sInstDscr
    drvsystick.o(i.SysTick_Handler) refers to drvsystick.o(.bss) for sInstDscr
    drvsystick.o(i.drvSysTick_getMissed) refers to printf3.o(i.__0printf$3) for __2printf
    drvsystick.o(i.drvSysTick_getMissed) refers to drvsystick.o(.bss) for sInstDscr
    drvsystick.o(i.drvSysTick_getMissed) refers to drvsystick.o(.constdata) for __func__
    drvsystick.o(i.drvSysTick_getPeriod) refers to printf3.o(i.__0printf$3) for __2printf
    drvsystick.o(i.drvSysTick_getPeriod) refers to drvsystick.o(.bss) for sInstDscr
    drvsystick.o(i.drvSysTick_getPeriod) refers to drvsystick.o(.constdata) for __func__
    drvsystick.o(i.drvSysTick_getUptime) refers to printf3.o(i.__0printf$3) for __2printf
    drvsystick.o(i.drvSysTick_getUptime) refers to drvsystick.o(.bss) for sInstDscr
    drvsystick.o(i.drvSysTick_getUptime) refers to drvsystick.o(.constdata) for __func__
    drvsystick.o(i.drvSysTick_getUptime) refers to system_stm32f4xx.o(.data) for SystemCoreClock
    drvsystick.o(i.drvSysTick_start) refers to printf3.o(i.__0printf$3) for __2printf
    drvsystick.o(i.drvSysTick_start) refers to drvsystick.o(i.initInst) for initInst
    drvsystick.o(i.drvSysTick_start) refers to uldiv.o(.text) for __aeabi_uldivmod
    drvsystick.o(i.drvSysTick_start) refers to drvsystick.o(.bss) for sInstDscr
    drvsystick.o(i.drvSysTick_start) refers to drvsystick.o(.constdata) for __func__
    drvsystick.o(i.drvSysTick_start) refers to system_stm32f4xx.o(.data) for SystemCoreClock
    drvsystick.o(i.drvSysTick_stop) refers to drvsystick.o(.bss) for sInstDscr
    drvsystick.o(i.drvSysTick_waitForTick) refers to printf3.o(i.__0printf$3) for __2printf
    drvsystick.o(i.drvSysTick_waitForTick) refers to drvsystick.o(.bss) for sInstDscr
    drvsystick.o(i.drvSysTick_waitForTick) refers to drvsystick.o(.constdata) for __func__
    drvsystick.o(i.initInst) refers to memseta.o(.text) for __aeabi_memclr4
    drvsystick.o(i.initInst) refers to drvsystick.o(.bss) for sInstDscr
    drvuart.o(i.USART1_IRQHandler) refers to drvuart.o(i.interruptHandler) for interruptHandler
    drvuart.o(i.USART1_IRQHandler) refers to cfgproject.o(.constdata) for cfgDrvUART
    drvuart.o(i.USART2_IRQHandler) refers to drvuart.o(i.interruptHandler) for interruptHandler
    drvuart.o(i.USART2_IRQHandler) refers to cfgproject.o(.constdata) for cfgDrvUART
    drvuart.o(i.USART6_IRQHandler) refers to drvuart.o(i.interruptHandler) for interruptHandler
    drvuart.o(i.USART6_IRQHandler) refers to cfgproject.o(.constdata) for cfgDrvUART
    drvuart.o(i.drvUART_isTxIdle) refers to printf3.o(i.__0printf$3) for __2printf
    drvuart.o(i.drvUART_isTxIdle) refers to drvuart.o(.constdata) for __func__
    drvuart.o(i.drvUART_isTxIdle) refers to drvuart.o(.bss) for sInstDscr
    drvuart.o(i.drvUART_isTxIdle) refers to cfgproject.o(.constdata) for cfgDrvUART
    drvuart.o(i.drvUART_read) refers to printf3.o(i.__0printf$3) for __2printf
    drvuart.o(i.drvUART_read) refers to memmovea.o(.text) for __aeabi_memcpy
    drvuart.o(i.drvUART_read) refers to drvuart.o(.constdata) for __func__
    drvuart.o(i.drvUART_read) refers to drvuart.o(.bss) for sInstDscr
    drvuart.o(i.drvUART_read) refers to cfgproject.o(.constdata) for cfgDrvUART
    drvuart.o(i.drvUART_registerErrorHandler) refers to printf3.o(i.__0printf$3) for __2printf
    drvuart.o(i.drvUART_registerErrorHandler) refers to drvuart.o(.constdata) for __func__
    drvuart.o(i.drvUART_registerErrorHandler) refers to drvuart.o(.bss) for sInstDscr
    drvuart.o(i.drvUART_start) refers to printf3.o(i.__0printf$3) for __2printf
    drvuart.o(i.drvUART_start) refers to drvuart.o(i.initInst) for initInst
    drvuart.o(i.drvUART_start) refers to misc.o(i.NVIC_Init) for NVIC_Init
    drvuart.o(i.drvUART_start) refers to drvgpio.o(i.drvGPIO_configPin) for drvGPIO_configPin
    drvuart.o(i.drvUART_start) refers to drvuart.o(.constdata) for __func__
    drvuart.o(i.drvUART_start) refers to drvuart.o(.bss) for sInstDscr
    drvuart.o(i.drvUART_start) refers to cfgproject.o(.constdata) for cfgDrvUART
    drvuart.o(i.drvUART_start) refers to cfgplatform.o(.constdata) for cfgAPB_AHB_prescalerTable
    drvuart.o(i.drvUART_start) refers to system_stm32f4xx.o(.data) for SystemCoreClock
    drvuart.o(i.drvUART_stop) refers to printf3.o(i.__0printf$3) for __2printf
    drvuart.o(i.drvUART_stop) refers to drvgpio.o(i.drvGPIO_configPin) for drvGPIO_configPin
    drvuart.o(i.drvUART_stop) refers to misc.o(i.NVIC_Init) for NVIC_Init
    drvuart.o(i.drvUART_stop) refers to drvuart.o(.constdata) for __func__
    drvuart.o(i.drvUART_stop) refers to drvuart.o(.bss) for sInstDscr
    drvuart.o(i.drvUART_stop) refers to cfgproject.o(.constdata) for cfgDrvUART
    drvuart.o(i.drvUART_write) refers to printf3.o(i.__0printf$3) for __2printf
    drvuart.o(i.drvUART_write) refers to memmovea.o(.text) for __aeabi_memmove
    drvuart.o(i.drvUART_write) refers to drvuart.o(.constdata) for __func__
    drvuart.o(i.drvUART_write) refers to drvuart.o(.bss) for sInstDscr
    drvuart.o(i.drvUART_write) refers to cfgproject.o(.constdata) for cfgDrvUART
    drvuart.o(i.initInst) refers to drvuart.o(.bss) for sInstDscr
    drvuart.o(i.interruptHandler) refers to cfgproject.o(.constdata) for cfgDrvUART
    drvuart.o(i.interruptHandler) refers to drvuart.o(.bss) for sInstDscr
    prpline.o(i.initInst) refers to memseta.o(.text) for __aeabi_memclr4
    prpline.o(i.initInst) refers to prpline.o(.bss) for sInstDscr
    prpline.o(i.prpLine_handler) refers to printf3.o(i.__0printf$3) for __2printf
    prpline.o(i.prpLine_handler) refers to drvuart.o(i.drvUART_read) for drvUART_read
    prpline.o(i.prpLine_handler) refers to prpline.o(.bss) for sInstDscr
    prpline.o(i.prpLine_handler) refers to prpline.o(.constdata) for __func__
    prpline.o(i.prpLine_readLine) refers to printf3.o(i.__0printf$3) for __2printf
    prpline.o(i.prpLine_readLine) refers to memchr.o(.text) for memchr
    prpline.o(i.prpLine_readLine) refers to memmovea.o(.text) for __aeabi_memcpy
    prpline.o(i.prpLine_readLine) refers to prpline.o(.bss) for sInstDscr
    prpline.o(i.prpLine_readLine) refers to prpline.o(.constdata) for __func__
    prpline.o(i.prpLine_start) refers to printf3.o(i.__0printf$3) for __2printf
    prpline.o(i.prpLine_start) refers to prpline.o(i.initInst) for initInst
    prpline.o(i.prpLine_start) refers to prpline.o(.bss) for sInstDscr
    prpline.o(i.prpLine_start) refers to prpline.o(.constdata) for __func__
    prpline.o(i.prpLine_stop) refers to prpline.o(.bss) for sInstDscr
    stm32f4xx_rcc.o(i.RCC_GetClocksFreq) refers to stm32f4xx_rcc.o(.data) for APBAHBPrescTable
    stm32f4xx_rcc.o(i.RCC_WaitForHSEStartUp) refers to stm32f4xx_rcc.o(i.RCC_GetFlagStatus) for RCC_GetFlagStatus
    startup_stm32f401xx.o(RESET) refers to startup_stm32f401xx.o(STACK) for __initial_sp
    startup_stm32f401xx.o(RESET) refers to startup_stm32f401xx.o(.text) for Reset_Handler
    startup_stm32f401xx.o(RESET) refers to drvsystick.o(i.SysTick_Handler) for SysTick_Handler
    startup_stm32f401xx.o(RESET) refers to drvuart.o(i.USART1_IRQHandler) for USART1_IRQHandler
    startup_stm32f401xx.o(RESET) refers to drvuart.o(i.USART2_IRQHandler) for USART2_IRQHandler
    startup_stm32f401xx.o(RESET) refers to drvuart.o(i.USART6_IRQHandler) for USART6_IRQHandler
    startup_stm32f401xx.o(.text) refers to system_stm32f4xx.o(i.SystemInit) for SystemInit
    startup_stm32f401xx.o(.text) refers to entry.o(.ARM.Collect$$$$00000000) for __main
    system_stm32f4xx.o(i.SystemCoreClockUpdate) refers to system_stm32f4xx.o(.data) for SystemCoreClock
    entry.o(.ARM.Collect$$$$00000000) refers (Special) to entry10a.o(.ARM.Collect$$$$0000000D) for __rt_final_cpp
    entry.o(.ARM.Collect$$$$00000000) refers (Special) to entry11a.o(.ARM.Collect$$$$0000000F) for __rt_final_exit
    entry.o(.ARM.Collect$$$$00000000) refers (Special) to entry7b.o(.ARM.Collect$$$$00000008) for _main_clock
    entry.o(.ARM.Collect$$$$00000000) refers (Special) to entry8b.o(.ARM.Collect$$$$0000000A) for _main_cpp_init
    entry.o(.ARM.Collect$$$$00000000) refers (Special) to entry9a.o(.ARM.Collect$$$$0000000B) for _main_init
    entry.o(.ARM.Collect$$$$00000000) refers (Special) to entry5.o(.ARM.Collect$$$$00000004) for _main_scatterload
    entry.o(.ARM.Collect$$$$00000000) refers (Special) to entry2.o(.ARM.Collect$$$$00000001) for _main_stk
    uldiv.o(.text) refers to llushr.o(.text) for __aeabi_llsr
    uldiv.o(.text) refers to llshl.o(.text) for __aeabi_llsl
    printfb.o(i.__0fprintf$bare) refers to printfb.o(i._printf_core) for _printf_core
    printfb.o(i.__0fprintf$bare) refers to retarget.o(i.fputc) for fputc
    printfb.o(i.__0printf$bare) refers to printfb.o(i._printf_core) for _printf_core
    printfb.o(i.__0printf$bare) refers to retarget.o(i.fputc) for fputc
    printfb.o(i.__0printf$bare) refers to stdout.o(.data) for __stdout
    printfb.o(i.__0snprintf$bare) refers to printfb.o(i._printf_core) for _printf_core
    printfb.o(i.__0snprintf$bare) refers to printfb.o(i._snputc) for _snputc
    printfb.o(i.__0sprintf$bare) refers to printfb.o(i._printf_core) for _printf_core
    printfb.o(i.__0sprintf$bare) refers to printfb.o(i._sputc) for _sputc
    printfb.o(i.__0vfprintf$bare) refers to printfb.o(i._printf_core) for _printf_core
    printfb.o(i.__0vfprintf$bare) refers to retarget.o(i.fputc) for fputc
    printfb.o(i.__0vprintf$bare) refers to printfb.o(i._printf_core) for _printf_core
    printfb.o(i.__0vprintf$bare) refers to retarget.o(i.fputc) for fputc
    printfb.o(i.__0vprintf$bare) refers to stdout.o(.data) for __stdout
    printfb.o(i.__0vsnprintf$bare) refers to printfb.o(i._printf_core) for _printf_core
    printfb.o(i.__0vsnprintf$bare) refers to printfb.o(i._snputc) for _snputc
    printfb.o(i.__0vsprintf$bare) refers to printfb.o(i._printf_core) for _printf_core
    printfb.o(i.__0vsprintf$bare) refers to printfb.o(i._sputc) for _sputc
    printf0.o(i.__0fprintf$0) refers to printf0.o(i._printf_core) for _printf_core
    printf0.o(i.__0fprintf$0) refers to retarget.o(i.fputc) for fputc
    printf0.o(i.__0printf$0) refers to printf0.o(i._printf_core) for _printf_core
    printf0.o(i.__0printf$0) refers to retarget.o(i.fputc) for fputc
    printf0.o(i.__0printf$0) refers to stdout.o(.data) for __stdout
    printf0.o(i.__0snprintf$0) refers to printf0.o(i._printf_core) for _printf_core
    printf0.o(i.__0snprintf$0) refers to printf0.o(i._snputc) for _snputc
    printf0.o(i.__0sprintf$0) refers to printf0.o(i._printf_core) for _printf_core
    printf0.o(i.__0sprintf$0) refers to printf0.o(i._sputc) for _sputc
    printf0.o(i.__0vfprintf$0) refers to printf0.o(i._printf_core) for _printf_core
    printf0.o(i.__0vfprintf$0) refers to retarget.o(i.fputc) for fputc
    printf0.o(i.__0vprintf$0) refers to printf0.o(i._printf_core) for _printf_core
    printf0.o(i.__0vprintf$0) refers to retarget.o(i.fputc) for fputc
    printf0.o(i.__0vprintf$0) refers to stdout.o(.data) for __stdout
    printf0.o(i.__0vsnprintf$0) refers to printf0.o(i._printf_core) for _printf_core
    printf0.o(i.__0vsnprintf$0) refers to printf0.o(i._snputc) for _snputc
    printf0.o(i.__0vsprintf$0) refers to printf0.o(i._printf_core) for _printf_core
    printf0.o(i.__0vsprintf$0) refers to printf0.o(i._sputc) for _sputc
    printf1.o(i.__0fprintf$1) refers to printf1.o(i._printf_core) for _printf_core
    printf1.o(i.__0fprintf$1) refers to retarget.o(i.fputc) for fputc
    printf1.o(i.__0printf$1) refers to printf1.o(i._printf_core) for _printf_core
    printf1.o(i.__0printf$1) refers to retarget.o(i.fputc) for fputc
    printf1.o(i.__0printf$1) refers to stdout.o(.data) for __stdout
    printf1.o(i.__0snprintf$1) refers to printf1.o(i._printf_core) for _printf_core
    printf1.o(i.__0snprintf$1) refers to printf1.o(i._snputc) for _snputc
    printf1.o(i.__0sprintf$1) refers to printf1.o(i._printf_core) for _printf_core
    printf1.o(i.__0sprintf$1) refers to printf1.o(i._sputc) for _sputc
    printf1.o(i.__0vfprintf$1) refers to printf1.o(i._printf_core) for _printf_core
    printf1.o(i.__0vfprintf$1) refers to retarget.o(i.fputc) for fputc
    printf1.o(i.__0vprintf$1) refers to printf1.o(i._printf_core) for _printf_core
    printf1.o(i.__0vprintf$1) refers to retarget.o(i.fputc) for fputc
    printf1.o(i.__0vprintf$1) refers to stdout.o(.data) for __stdout
    printf1.o(i.__0vsnprintf$1) refers to printf1.o(i._printf_core) for _printf_core
    printf1.o(i.__0vsnprintf$1) refers to printf1.o(i._snputc) for _snputc
    printf1.o(i.__0vsprintf$1) refers to printf1.o(i._printf_core) for _printf_core
    printf1.o(i.__0vsprintf$1) refers to printf1.o(i._sputc) for _sputc
    printf1.o(i._printf_core) refers to uidiv.o(.text) for __aeabi_uidivmod
    printf2.o(i.__0fprintf$2) refers to printf2.o(i._printf_core) for _printf_core
    printf2.o(i.__0fprintf$2) refers to retarget.o(i.fputc) for fputc
    printf2.o(i.__0printf$2) refers to printf2.o(i._printf_core) for _printf_core
    printf2.o(i.__0printf$2) refers to retarget.o(i.fputc) for fputc
    printf2.o(i.__0printf$2) refers to stdout.o(.data) for __stdout
    printf2.o(i.__0snprintf$2) refers to printf2.o(i._printf_core) for _printf_core
    printf2.o(i.__0snprintf$2) refers to printf2.o(i._snputc) for _snputc
    printf2.o(i.__0sprintf$2) refers to printf2.o(i._printf_core) for _printf_core
    printf2.o(i.__0sprintf$2) refers to printf2.o(i._sputc) for _sputc
    printf2.o(i.__0vfprintf$2) refers to printf2.o(i._printf_core) for _printf_core
    printf2.o(i.__0vfprintf$2) refers to retarget.o(i.fputc) for fputc
    printf2.o(i.__0vprintf$2) refers to printf2.o(i._printf_core) for _printf_core
    printf2.o(i.__0vprintf$2) refers to retarget.o(i.fputc) for fputc
    printf2.o(i.__0vprintf$2) refers to stdout.o(.data) for __stdout
    printf2.o(i.__0vsnprintf$2) refers to printf2.o(i._printf_core) for _printf_core
    printf2.o(i.__0vsnprintf$2) refers to printf2.o(i._snputc) for _snputc
    printf2.o(i.__0vsprintf$2) refers to printf2.o(i._printf_core) for _printf_core
    printf2.o(i.__0vsprintf$2) refers to printf2.o(i._sputc) for _sputc
    printf3.o(i.__0fprintf$3) refers to printf3.o(i._printf_core) for _printf_core
    printf3.o(i.__0fprintf$3) refers to retarget.o(i.fputc) for fputc
    printf3.o(i.__0printf$3) refers to printf3.o(i._printf_core) for _printf_core
    printf3.o(i.__0printf$3) refers to retarget.o(i.fputc) for fputc
    printf3.o(i.__0printf$3) refers to stdout.o(.data) for __stdout
    printf3.o(i.__0snprintf$3) refers to printf3.o(i._printf_core) for _printf_core
    printf3.o(i.__0snprintf$3) refers to printf3.o(i._snputc) for _snputc
    printf3.o(i.__0sprintf$3) refers to printf3.o(i._printf_core) for _printf_core
    printf3.o(i.__0sprintf$3) refers to printf3.o(i._sputc) for _sputc
    printf3.o(i.__0vfprintf$3) refers to printf3.o(i._printf_core) for _printf_core
    printf3.o(i.__0vfprintf$3) refers to retarget.o(i.fputc) for fputc
    printf3.o(i.__0vprintf$3) refers to printf3.o(i._printf_core) for _printf_core
    printf3.o(i.__0vprintf$3) refers to retarget.o(i.fputc) for fputc
    printf3.o(i.__0vprintf$3) refers to stdout.o(.data) for __stdout
    printf3.o(i.__0vsnprintf$3) refers to printf3.o(i._printf_core) for _printf_core
    printf3.o(i.__0vsnprintf$3) refers to printf3.o(i._snputc) for _snputc
    printf3.o(i.__0vsprintf$3) refers to printf3.o(i._printf_core) for _printf_core
    printf3.o(i.__0vsprintf$3) refers to printf3.o(i._sputc) for _sputc
    printf3.o(i._printf_core) refers to uidiv.o(.text) for __aeabi_uidivmod
    printf4.o(i.__0fprintf$4) refers to printf4.o(i._printf_core) for _printf_core
    printf4.o(i.__0fprintf$4) refers to retarget.o(i.fputc) for fputc
    printf4.o(i.__0printf$4) refers to printf4.o(i._printf_core) for _printf_core
    printf4.o(i.__0printf$4) refers to retarget.o(i.fputc) for fputc
    printf4.o(i.__0printf$4) refers to stdout.o(.data) for __stdout
    printf4.o(i.__0snprintf$4) refers to printf4.o(i._printf_core) for _printf_core
    printf4.o(i.__0snprintf$4) refers to printf4.o(i._snputc) for _snputc
    printf4.o(i.__0sprintf$4) refers to printf4.o(i._printf_core) for _printf_core
    printf4.o(i.__0sprintf$4) refers to printf4.o(i._sputc) for _sputc
    printf4.o(i.__0vfprintf$4) refers to printf4.o(i._printf_core) for _printf_core
    printf4.o(i.__0vfprintf$4) refers to retarget.o(i.fputc) for fputc
    printf4.o(i.__0vprintf$4) refers to printf4.o(i._printf_core) for _printf_core
    printf4.o(i.__0vprintf$4) refers to retarget.o(i.fputc) for fputc
    printf4.o(i.__0vprintf$4) refers to stdout.o(.data) for __stdout
    printf4.o(i.__0vsnprintf$4) refers to printf4.o(i._printf_core) for _printf_core
    printf4.o(i.__0vsnprintf$4) refers to printf4.o(i._snputc) for _snputc
    printf4.o(i.__0vsprintf$4) refers to printf4.o(i._printf_core) for _printf_core
    printf4.o(i.__0vsprintf$4) refers to printf4.o(i._sputc) for _sputc
    printf4.o(i._printf_core) refers to uldiv.o(.text) for __aeabi_uldivmod
    printf5.o(i.__0fprintf$5) refers to printf5.o(i._printf_core) for _printf_core
    printf5.o(i.__0fprintf$5) refers to retarget.o(i.fputc) for fputc
    printf5.o(i.__0printf$5) refers to printf5.o(i._printf_core) for _printf_core
    printf5.o(i.__0printf$5) refers to retarget.o(i.fputc) for fputc
    printf5.o(i.__0printf$5) refers to stdout.o(.data) for __stdout
    printf5.o(i.__0snprintf$5) refers to printf5.o(i._printf_core) for _printf_core
    printf5.o(i.__0snprintf$5) refers to printf5.o(i._snputc) for _snputc
    printf5.o(i.__0sprintf$5) refers to printf5.o(i._printf_core) for _printf_core
    printf5.o(i.__0sprintf$5) refers to printf5.o(i._sputc) for _sputc
    printf5.o(i.__0vfprintf$5) refers to printf5.o(i._printf_core) for _printf_core
    printf5.o(i.__0vfprintf$5) refers to retarget.o(i.fputc) for fputc
    printf5.o(i.__0vprintf$5) refers to printf5.o(i._printf_core) for _printf_core
    printf5.o(i.__0vprintf$5) refers to retarget.o(i.fputc) for fputc
    printf5.o(i.__0vprintf$5) refers to stdout.o(.data) for __stdout
    printf5.o(i.__0vsnprintf$5) refers to printf5.o(i._printf_core) for _printf_core
    printf5.o(i.__0vsnprintf$5) refers to printf5.o(i._snputc) for _snputc
    printf5.o(i.__0vsprintf$5) refers to printf5.o(i._printf_core) for _printf_core
    printf5.o(i.__0vsprintf$5) refers to printf5.o(i._sputc) for _sputc
    printf5.o(i._printf_core) refers to uldiv.o(.text) for __aeabi_uldivmod
    printf6.o(i.__0fprintf$6) refers to printf6.o(i._printf_core) for _printf_core
    printf6.o(i.__0fprintf$6) refers to retarget.o(i.fputc) for fputc
    printf6.o(i.__0printf$6) refers to printf6.o(i._printf_core) for _printf_core
    printf6.o(i.__0printf$6) refers to retarget.o(i.fputc) for fputc
    printf6.o(i.__0printf$6) refers to stdout.o(.data) for __stdout
    printf6.o(i.__0snprintf$6) refers to printf6.o(i._printf_core) for _printf_core
    printf6.o(i.__0snprintf$6) refers to printf6.o(i._snputc) for _snputc
    printf6.o(i.__0sprintf$6) refers to printf6.o(i._printf_core) for _printf_core
    printf6.o(i.__0sprintf$6) refers to printf6.o(i._sputc) for _sputc
    printf6.o(i.__0vfprintf$6) refers to printf6.o(i._printf_core) for _printf_core
    printf6.o(i.__0vfprintf$6) refers to retarget.o(i.fputc) for fputc
    printf6.o(i.__0vprintf$6) refers to printf6.o(i._printf_core) for _printf_core
    printf6.o(i.__0vprintf$6) refers to retarget.o(i.fputc) for fputc
    printf6.o(i.__0vprintf$6) refers to stdout.o(.data) for __stdout
    printf6.o(i.__0vsnprintf$6) refers to printf6.o(i._printf_core) for _printf_core
    printf6.o(i.__0vsnprintf$6) refers to printf6.o(i._snputc) for _snputc
    printf6.o(i.__0vsprintf$6) refers to printf6.o(i._printf_core) for _printf_core
    printf6.o(i.__0vsprintf$6) refers to printf6.o(i._sputc) for _sputc
    printf6.o(i._printf_core) refers to printf6.o(i._printf_pre_padding) for _printf_pre_padding
    printf6.o(i._printf_core) refers to uidiv.o(.text) for __aeabi_uidivmod
    printf6.o(i._printf_core) refers to printf6.o(i._printf_post_padding) for _printf_post_padding
    printf7.o(i.__0fprintf$7) refers to printf7.o(i._printf_core) for _printf_core
    printf7.o(i.__0fprintf$7) refers to retarget.o(i.fputc) for fputc
    printf7.o(i.__0printf$7) refers to printf7.o(i._printf_core) for _printf_core
    printf7.o(i.__0printf$7) refers to retarget.o(i.fputc) for fputc
    printf7.o(i.__0printf$7) refers to stdout.o(.data) for __stdout
    printf7.o(i.__0snprintf$7) refers to printf7.o(i._printf_core) for _printf_core
    printf7.o(i.__0snprintf$7) refers to printf7.o(i._snputc) for _snputc
    printf7.o(i.__0sprintf$7) refers to printf7.o(i._printf_core) for _printf_core
    printf7.o(i.__0sprintf$7) refers to printf7.o(i._sputc) for _sputc
    printf7.o(i.__0vfprintf$7) refers to printf7.o(i._printf_core) for _printf_core
    printf7.o(i.__0vfprintf$7) refers to retarget.o(i.fputc) for fputc
    printf7.o(i.__0vprintf$7) refers to printf7.o(i._printf_core) for _printf_core
    printf7.o(i.__0vprintf$7) refers to retarget.o(i.fputc) for fputc
    printf7.o(i.__0vprintf$7) refers to stdout.o(.data) for __stdout
    printf7.o(i.__0vsnprintf$7) refers to printf7.o(i._printf_core) for _printf_core
    printf7.o(i.__0vsnprintf$7) refers to printf7.o(i._snputc) for _snputc
    printf7.o(i.__0vsprintf$7) refers to printf7.o(i._printf_core) for _printf_core
    printf7.o(i.__0vsprintf$7) refers to printf7.o(i._sputc) for _sputc
    printf7.o(i._printf_core) refers to printf7.o(i._printf_pre_padding) for _printf_pre_padding
    printf7.o(i._printf_core) refers to uldiv.o(.text) for __aeabi_uldivmod
    printf7.o(i._printf_core) refers to printf7.o(i._printf_post_padding) for _printf_post_padding
    printf8.o(i.__0fprintf$8) refers to printf8.o(i._printf_core) for _printf_core
    printf8.o(i.__0fprintf$8) refers to retarget.o(i.fputc) for fputc
    printf8.o(i.__0printf$8) refers to printf8.o(i._printf_core) for _printf_core
    printf8.o(i.__0printf$8) refers to retarget.o(i.fputc) for fputc
    printf8.o(i.__0printf$8) refers to stdout.o(.data) for __stdout
    printf8.o(i.__0snprintf$8) refers to printf8.o(i._printf_core) for _printf_core
    printf8.o(i.__0snprintf$8) refers to printf8.o(i._snputc) for _snputc
    printf8.o(i.__0sprintf$8) refers to printf8.o(i._printf_core) for _printf_core
    printf8.o(i.__0sprintf$8) refers to printf8.o(i._sputc) for _sputc
    printf8.o(i.__0vfprintf$8) refers to printf8.o(i._printf_core) for _printf_core
    printf8.o(i.__0vfprintf$8) refers to retarget.o(i.fputc) for fputc
    printf8.o(i.__0vprintf$8) refers to printf8.o(i._printf_core) for _printf_core
    printf8.o(i.__0vprintf$8) refers to retarget.o(i.fputc) for fputc
    printf8.o(i.__0vprintf$8) refers to stdout.o(.data) for __stdout
    printf8.o(i.__0vsnprintf$8) refers to printf8.o(i._printf_core) for _printf_core
    printf8.o(i.__0vsnprintf$8) refers to printf8.o(i._snputc) for _snputc
    printf8.o(i.__0vsprintf$8) refers to printf8.o(i._printf_core) for _printf_core
    printf8.o(i.__0vsprintf$8) refers to printf8.o(i._sputc) for _sputc
    printf8.o(i._printf_core) refers to printf8.o(i._printf_pre_padding) for _printf_pre_padding
    printf8.o(i._printf_core) refers to uldiv.o(.text) for __aeabi_uldivmod
    printf8.o(i._printf_core) refers to printf8.o(i._printf_post_padding) for _printf_post_padding
    printfa.o(i.__0fprintf) refers (Special) to iusefp.o(.text) for __I$use$fp
    printfa.o(i.__0fprintf) refers to printfa.o(i._printf_core) for _printf_core
    printfa.o(i.__0fprintf) refers to retarget.o(i.fputc) for fputc
    printfa.o(i.__0printf) refers (Special) to iusefp.o(.text) for __I$use$fp
    printfa.o(i.__0printf) refers to printfa.o(i._printf_core) for _printf_core
    printfa.o(i.__0printf) refers to retarget.o(i.fputc) for fputc
    printfa.o(i.__0printf) refers to stdout.o(.data) for __stdout
    printfa.o(i.__0snprintf) refers (Special) to iusefp.o(.text) for __I$use$fp
    printfa.o(i.__0snprintf) refers to printfa.o(i._printf_core) for _printf_core
    printfa.o(i.__0snprintf) refers to printfa.o(i._snputc) for _snputc
    printfa.o(i.__0sprintf) refers (Special) to iusefp.o(.text) for __I$use$fp
    printfa.o(i.__0sprintf) refers to printfa.o(i._printf_core) for _printf_core
    printfa.o(i.__0sprintf) refers to printfa.o(i._sputc) for _sputc
    printfa.o(i.__0vfprintf) refers (Special) to iusefp.o(.text) for __I$use$fp
    printfa.o(i.__0vfprintf) refers to printfa.o(i._printf_core) for _printf_core
    printfa.o(i.__0vfprintf) refers to retarget.o(i.fputc) for fputc
    printfa.o(i.__0vprintf) refers (Special) to iusefp.o(.text) for __I$use$fp
    printfa.o(i.__0vprintf) refers to printfa.o(i._printf_core) for _printf_core
    printfa.o(i.__0vprintf) refers to retarget.o(i.fputc) for fputc
    printfa.o(i.__0vprintf) refers to stdout.o(.data) for __stdout
    printfa.o(i.__0vsnprintf) refers (Special) to iusefp.o(.text) for __I$use$fp
    printfa.o(i.__0vsnprintf) refers to printfa.o(i._printf_core) for _printf_core
    printfa.o(i.__0vsnprintf) refers to printfa.o(i._snputc) for _snputc
    printfa.o(i.__0vsprintf) refers (Special) to iusefp.o(.text) for __I$use$fp
    printfa.o(i.__0vsprintf) refers to printfa.o(i._printf_core) for _printf_core
    printfa.o(i.__0vsprintf) refers to printfa.o(i._sputc) for _sputc
    printfa.o(i._fp_digits) refers (Special) to iusefp.o(.text) for __I$use$fp
    printfa.o(i._fp_digits) refers to dmul.o(.text) for __aeabi_dmul
    printfa.o(i._fp_digits) refers to ddiv.o(.text) for __aeabi_ddiv
    printfa.o(i._fp_digits) refers to cdrcmple.o(.text) for __aeabi_cdrcmple
    printfa.o(i._fp_digits) refers to dadd.o(.text) for __aeabi_dadd
    printfa.o(i._fp_digits) refers to dfixul.o(.text) for __aeabi_d2ulz
    printfa.o(i._fp_digits) refers to uldiv.o(.text) for __aeabi_uldivmod
    printfa.o(i._printf_core) refers (Special) to iusefp.o(.text) for __I$use$fp
    printfa.o(i._printf_core) refers to printfa.o(i._printf_pre_padding) for _printf_pre_padding
    printfa.o(i._printf_core) refers to uldiv.o(.text) for __aeabi_uldivmod
    printfa.o(i._printf_core) refers to printfa.o(i._printf_post_padding) for _printf_post_padding
    printfa.o(i._printf_core) refers to printfa.o(i._fp_digits) for _fp_digits
    printfa.o(i._printf_core) refers to uidiv.o(.text) for __aeabi_uidivmod
    printfa.o(i._printf_post_padding) refers (Special) to iusefp.o(.text) for __I$use$fp
    printfa.o(i._printf_pre_padding) refers (Special) to iusefp.o(.text) for __I$use$fp
    printfa.o(i._snputc) refers (Special) to iusefp.o(.text) for __I$use$fp
    printfa.o(i._sputc) refers (Special) to iusefp.o(.text) for __I$use$fp
    entry2.o(.ARM.Collect$$$$00000001) refers to entry2.o(.ARM.Collect$$$$00002712) for __lit__00000000
    entry2.o(.ARM.Collect$$$$00002712) refers to startup_stm32f401xx.o(STACK) for __initial_sp
    entry2.o(__vectab_stack_and_reset_area) refers to startup_stm32f401xx.o(STACK) for __initial_sp
    entry2.o(__vectab_stack_and_reset_area) refers to entry.o(.ARM.Collect$$$$00000000) for __main
    entry5.o(.ARM.Collect$$$$00000004) refers to init.o(.text) for __scatterload
    entry9a.o(.ARM.Collect$$$$0000000B) refers to main.o(i.main) for main
    entry9b.o(.ARM.Collect$$$$0000000C) refers to main.o(i.main) for main
    dadd.o(.text) refers to llshl.o(.text) for __aeabi_llsl
    dadd.o(.text) refers to llsshr.o(.text) for __aeabi_lasr
    dadd.o(.text) refers to depilogue.o(.text) for _double_epilogue
    dmul.o(.text) refers to depilogue.o(.text) for _double_epilogue
    ddiv.o(.text) refers to depilogue.o(.text) for _double_round
    dfixul.o(.text) refers to llushr.o(.text) for __aeabi_llsr
    dfixul.o(.text) refers to llshl.o(.text) for __aeabi_llsl
    init.o(.text) refers to entry5.o(.ARM.Collect$$$$00000004) for __main_after_scatterload
    depilogue.o(.text) refers to llshl.o(.text) for __aeabi_llsl
    depilogue.o(.text) refers to llushr.o(.text) for __aeabi_llsr


==============================================================================

Removing Unused input sections from the image.

    Removing init.o(.rev16_text), (4 bytes).
    Removing init.o(.revsh_text), (4 bytes).
    Removing main.o(.rev16_text), (4 bytes).
    Removing main.o(.revsh_text), (4 bytes).
    Removing retarget.o(.rev16_text), (4 bytes).
    Removing retarget.o(.revsh_text), (4 bytes).
    Removing retarget.o(i._sys_exit), (4 bytes).
    Removing retarget.o(i.fgetc), (10 bytes).
    Removing retarget.o(i.readChar), (24 bytes).
    Removing cfgplatform.o(.rev16_text), (4 bytes).
    Removing cfgplatform.o(.revsh_text), (4 bytes).
    Removing cfgproject.o(.rev16_text), (4 bytes).
    Removing cfgproject.o(.revsh_text), (4 bytes).
    Removing drvgpio.o(.rev16_text), (4 bytes).
    Removing drvgpio.o(.revsh_text), (4 bytes).
    Removing drvgpio.o(i.drvGPIO_clrOutputBits), (236 bytes).
    Removing drvgpio.o(i.drvGPIO_isRunning), (212 bytes).
    Removing drvgpio.o(i.drvGPIO_readIO_state), (292 bytes).
    Removing drvgpio.o(i.drvGPIO_setOutputBits), (240 bytes).
    Removing drvsystick.o(.rev16_text), (4 bytes).
    Removing drvsystick.o(.revsh_text), (4 bytes).
    Removing drvsystick.o(i.drvSysTick_getMissed), (188 bytes).
    Removing drvsystick.o(i.drvSysTick_getPeriod), (184 bytes).
    Removing drvsystick.o(i.drvSysTick_getUptime), (304 bytes).
    Removing drvuart.o(.rev16_text), (4 bytes).
    Removing drvuart.o(.revsh_text), (4 bytes).
    Removing drvuart.o(i.drvUART_isTxIdle), (316 bytes).
    Removing drvuart.o(i.drvUART_registerErrorHandler), (224 bytes).
    Removing prpline.o(.rev16_text), (4 bytes).
    Removing prpline.o(.revsh_text), (4 bytes).
    Removing misc.o(.rev16_text), (4 bytes).
    Removing misc.o(.revsh_text), (4 bytes).
    Removing misc.o(i.NVIC_PriorityGroupConfig), (20 bytes).
    Removing misc.o(i.NVIC_SetVectorTable), (20 bytes).
    Removing misc.o(i.NVIC_SystemLPConfig), (32 bytes).
    Removing misc.o(i.SysTick_CLKSourceConfig), (40 bytes).
    Removing stm32f4xx_rcc.o(.rev16_text), (4 bytes).
    Removing stm32f4xx_rcc.o(.revsh_text), (4 bytes).
    Removing stm32f4xx_rcc.o(i.RCC_AHB1PeriphClockCmd), (32 bytes).
    Removing stm32f4xx_rcc.o(i.RCC_AHB1PeriphClockLPModeCmd), (32 bytes).
    Removing stm32f4xx_rcc.o(i.RCC_AHB1PeriphResetCmd), (32 bytes).
    Removing stm32f4xx_rcc.o(i.RCC_AHB2PeriphClockCmd), (32 bytes).
    Removing stm32f4xx_rcc.o(i.RCC_AHB2PeriphClockLPModeCmd), (32 bytes).
    Removing stm32f4xx_rcc.o(i.RCC_AHB2PeriphResetCmd), (32 bytes).
    Removing stm32f4xx_rcc.o(i.RCC_AHB3PeriphClockCmd), (32 bytes).
    Removing stm32f4xx_rcc.o(i.RCC_AHB3PeriphClockLPModeCmd), (32 bytes).
    Removing stm32f4xx_rcc.o(i.RCC_AHB3PeriphResetCmd), (32 bytes).
    Removing stm32f4xx_rcc.o(i.RCC_APB1PeriphClockCmd), (32 bytes).
    Removing stm32f4xx_rcc.o(i.RCC_APB1PeriphClockLPModeCmd), (32 bytes).
    Removing stm32f4xx_rcc.o(i.RCC_APB1PeriphResetCmd), (32 bytes).
    Removing stm32f4xx_rcc.o(i.RCC_APB2PeriphClockCmd), (32 bytes).
    Removing stm32f4xx_rcc.o(i.RCC_APB2PeriphClockLPModeCmd), (32 bytes).
    Removing stm32f4xx_rcc.o(i.RCC_APB2PeriphResetCmd), (32 bytes).
    Removing stm32f4xx_rcc.o(i.RCC_AdjustHSICalibrationValue), (24 bytes).
    Removing stm32f4xx_rcc.o(i.RCC_BackupResetCmd), (12 bytes).
    Removing stm32f4xx_rcc.o(i.RCC_ClearFlag), (20 bytes).
    Removing stm32f4xx_rcc.o(i.RCC_ClearITPendingBit), (12 bytes).
    Removing stm32f4xx_rcc.o(i.RCC_ClockSecuritySystemCmd), (12 bytes).
    Removing stm32f4xx_rcc.o(i.RCC_DeInit), (100 bytes).
    Removing stm32f4xx_rcc.o(i.RCC_GetClocksFreq), (232 bytes).
    Removing stm32f4xx_rcc.o(i.RCC_GetFlagStatus), (64 bytes).
    Removing stm32f4xx_rcc.o(i.RCC_GetITStatus), (24 bytes).
    Removing stm32f4xx_rcc.o(i.RCC_GetSYSCLKSource), (16 bytes).
    Removing stm32f4xx_rcc.o(i.RCC_HCLKConfig), (24 bytes).
    Removing stm32f4xx_rcc.o(i.RCC_HSEConfig), (16 bytes).
    Removing stm32f4xx_rcc.o(i.RCC_HSICmd), (12 bytes).
    Removing stm32f4xx_rcc.o(i.RCC_I2SCLKConfig), (12 bytes).
    Removing stm32f4xx_rcc.o(i.RCC_ITConfig), (32 bytes).
    Removing stm32f4xx_rcc.o(i.RCC_LSEConfig), (44 bytes).
    Removing stm32f4xx_rcc.o(i.RCC_LSICmd), (12 bytes).
    Removing stm32f4xx_rcc.o(i.RCC_LTDCCLKDivConfig), (24 bytes).
    Removing stm32f4xx_rcc.o(i.RCC_MCO1Config), (28 bytes).
    Removing stm32f4xx_rcc.o(i.RCC_MCO2Config), (28 bytes).
    Removing stm32f4xx_rcc.o(i.RCC_PCLK1Config), (24 bytes).
    Removing stm32f4xx_rcc.o(i.RCC_PCLK2Config), (24 bytes).
    Removing stm32f4xx_rcc.o(i.RCC_PLLCmd), (12 bytes).
    Removing stm32f4xx_rcc.o(i.RCC_PLLConfig), (36 bytes).
    Removing stm32f4xx_rcc.o(i.RCC_PLLI2SCmd), (12 bytes).
    Removing stm32f4xx_rcc.o(i.RCC_PLLI2SConfig), (16 bytes).
    Removing stm32f4xx_rcc.o(i.RCC_PLLSAICmd), (12 bytes).
    Removing stm32f4xx_rcc.o(i.RCC_PLLSAIConfig), (24 bytes).
    Removing stm32f4xx_rcc.o(i.RCC_RTCCLKCmd), (12 bytes).
    Removing stm32f4xx_rcc.o(i.RCC_RTCCLKConfig), (60 bytes).
    Removing stm32f4xx_rcc.o(i.RCC_SAIBlockACLKConfig), (24 bytes).
    Removing stm32f4xx_rcc.o(i.RCC_SAIBlockBCLKConfig), (24 bytes).
    Removing stm32f4xx_rcc.o(i.RCC_SAIPLLI2SClkDivConfig), (28 bytes).
    Removing stm32f4xx_rcc.o(i.RCC_SAIPLLSAIClkDivConfig), (28 bytes).
    Removing stm32f4xx_rcc.o(i.RCC_SYSCLKConfig), (24 bytes).
    Removing stm32f4xx_rcc.o(i.RCC_TIMCLKPresConfig), (12 bytes).
    Removing stm32f4xx_rcc.o(i.RCC_WaitForHSEStartUp), (56 bytes).
    Removing stm32f4xx_rcc.o(.data), (16 bytes).
    Removing startup_stm32f401xx.o(HEAP), (512 bytes).
    Removing system_stm32f4xx.o(.rev16_text), (4 bytes).
    Removing system_stm32f4xx.o(.revsh_text), (4 bytes).
    Removing dadd.o(.text), (334 bytes).
    Removing dmul.o(.text), (228 bytes).
    Removing ddiv.o(.text), (222 bytes).
    Removing dfixul.o(.text), (48 bytes).
    Removing cdrcmple.o(.text), (40 bytes).
    Removing depilogue.o(.text), (182 bytes).

100 unused section(s) (total 5680 bytes) removed from the image.

==============================================================================

Image Symbol Table

    Local Symbols

    Symbol Name                              Value     Ov Type        Size  Object(Section)

    ../clib/microlib/division.c              0x00000000   Number         0  uidiv.o ABSOLUTE
    ../clib/microlib/division.c              0x00000000   Number         0  uldiv.o ABSOLUTE
    ../clib/microlib/init/entry.s            0x00000000   Number         0  entry10a.o ABSOLUTE
    ../clib/microlib/init/entry.s            0x00000000   Number         0  entry.o ABSOLUTE
    ../clib/microlib/init/entry.s            0x00000000   Number         0  entry10b.o ABSOLUTE
    ../clib/microlib/init/entry.s            0x00000000   Number         0  entry11b.o ABSOLUTE
    ../clib/microlib/init/entry.s            0x00000000   Number         0  entry2.o ABSOLUTE
    ../clib/microlib/init/entry.s            0x00000000   Number         0  entry8a.o ABSOLUTE
    ../clib/microlib/init/entry.s            0x00000000   Number         0  entry5.o ABSOLUTE
    ../clib/microlib/init/entry.s            0x00000000   Number         0  entry7a.o ABSOLUTE
    ../clib/microlib/init/entry.s            0x00000000   Number         0  entry7b.o ABSOLUTE
    ../clib/microlib/init/entry.s            0x00000000   Number         0  entry11a.o ABSOLUTE
    ../clib/microlib/init/entry.s            0x00000000   Number         0  entry8b.o ABSOLUTE
    ../clib/microlib/init/entry.s            0x00000000   Number         0  entry9a.o ABSOLUTE
    ../clib/microlib/init/entry.s            0x00000000   Number         0  entry9b.o ABSOLUTE
    ../clib/microlib/longlong.c              0x00000000   Number         0  llushr.o ABSOLUTE
    ../clib/microlib/longlong.c              0x00000000   Number         0  llshl.o ABSOLUTE
    ../clib/microlib/longlong.c              0x00000000   Number         0  llsshr.o ABSOLUTE
    ../clib/microlib/printf/printf.c         0x00000000   Number         0  printfa.o ABSOLUTE
    ../clib/microlib/printf/printf.c         0x00000000   Number         0  printf8.o ABSOLUTE
    ../clib/microlib/printf/printf.c         0x00000000   Number         0  printf7.o ABSOLUTE
    ../clib/microlib/printf/printf.c         0x00000000   Number         0  printf6.o ABSOLUTE
    ../clib/microlib/printf/printf.c         0x00000000   Number         0  printf5.o ABSOLUTE
    ../clib/microlib/printf/printf.c         0x00000000   Number         0  printf4.o ABSOLUTE
    ../clib/microlib/printf/printf.c         0x00000000   Number         0  printf3.o ABSOLUTE
    ../clib/microlib/printf/printf.c         0x00000000   Number         0  printf2.o ABSOLUTE
    ../clib/microlib/printf/printf.c         0x00000000   Number         0  printf1.o ABSOLUTE
    ../clib/microlib/printf/printf.c         0x00000000   Number         0  printf0.o ABSOLUTE
    ../clib/microlib/printf/printf.c         0x00000000   Number         0  printfb.o ABSOLUTE
    ../clib/microlib/printf/stubs.s          0x00000000   Number         0  stubs.o ABSOLUTE
    ../clib/microlib/stdio/streams.c         0x00000000   Number         0  stdout.o ABSOLUTE
    ../clib/microlib/string/memchr.c         0x00000000   Number         0  memchr.o ABSOLUTE
    ../clib/microlib/string/memcpy.c         0x00000000   Number         0  memcpya.o ABSOLUTE
    ../clib/microlib/string/memcpy.c         0x00000000   Number         0  memmovea.o ABSOLUTE
    ../clib/microlib/string/memcpy.c         0x00000000   Number         0  memcpyb.o ABSOLUTE
    ../clib/microlib/string/memcpy.c         0x00000000   Number         0  memmoveb.o ABSOLUTE
    ../clib/microlib/string/memset.c         0x00000000   Number         0  memseta.o ABSOLUTE
    ../clib/microlib/stubs.s                 0x00000000   Number         0  iusefp.o ABSOLUTE
    ../fplib/microlib/fpadd.c                0x00000000   Number         0  dadd.o ABSOLUTE
    ../fplib/microlib/fpdiv.c                0x00000000   Number         0  ddiv.o ABSOLUTE
    ../fplib/microlib/fpepilogue.c           0x00000000   Number         0  depilogue.o ABSOLUTE
    ../fplib/microlib/fpfix.c                0x00000000   Number         0  dfixul.o ABSOLUTE
    ../fplib/microlib/fpmul.c                0x00000000   Number         0  dmul.o ABSOLUTE
    ..\..\..\config\STM32F401\cfgPlatform.c  0x00000000   Number         0  cfgplatform.o ABSOLUTE
    ..\..\..\drivers\STM32F401\drvGPIO.c     0x00000000   Number         0  drvgpio.o ABSOLUTE
    ..\..\..\drivers\STM32F401\drvSysTick.c  0x00000000   Number         0  drvsystick.o ABSOLUTE
    ..\..\..\drivers\STM32F401\drvUART.c     0x00000000   Number         0  drvuart.o ABSOLUTE
    ..\\..\\..\\config\\STM32F401\\cfgPlatform.c 0x00000000   Number         0  cfgplatform.o ABSOLUTE
    ..\\..\\..\\drivers\\STM32F401\\drvGPIO.c 0x00000000   Number         0  drvgpio.o ABSOLUTE
    ..\\..\\..\\drivers\\STM32F401\\drvSysTick.c 0x00000000   Number         0  drvsystick.o ABSOLUTE
    ..\\..\\..\\drivers\\STM32F401\\drvUART.c 0x00000000   Number         0  drvuart.o ABSOLUTE
    C:\Keil\ARM\PACK\Keil\STM32F4xx_DFP\1.0.7\Device\StdPeriph_Driver\src\misc.c 0x00000000   Number         0  misc.o ABSOLUTE
    C:\Keil\ARM\PACK\Keil\STM32F4xx_DFP\1.0.7\Device\StdPeriph_Driver\src\stm32f4xx_rcc.c 0x00000000   Number         0  stm32f4xx_rcc.o ABSOLUTE
    C:\\Keil\\ARM\\PACK\\Keil\\STM32F4xx_DFP\\1.0.7\\Device\\StdPeriph_Driver\\src\\misc.c 0x00000000   Number         0  misc.o ABSOLUTE
    C:\\Keil\\ARM\\PACK\\Keil\\STM32F4xx_DFP\\1.0.7\\Device\\StdPeriph_Driver\\src\\stm32f4xx_rcc.c 0x00000000   Number         0  stm32f4xx_rcc.o ABSOLUTE
    RTE\Device\STM32F401RE\startup_stm32f401xx.s 0x00000000   Number         0  startup_stm32f401xx.o ABSOLUTE
    RTE\Device\STM32F401RE\system_stm32f4xx.c 0x00000000   Number         0  system_stm32f4xx.o ABSOLUTE
    RTE\\Device\\STM32F401RE\\system_stm32f4xx.c 0x00000000   Number         0  system_stm32f4xx.o ABSOLUTE
    cdrcmple.s                               0x00000000   Number         0  cdrcmple.o ABSOLUTE
    cfgProject.c                             0x00000000   Number         0  cfgproject.o ABSOLUTE
    cfgProject.c                             0x00000000   Number         0  cfgproject.o ABSOLUTE
    dc.s                                     0x00000000   Number         0  dc.o ABSOLUTE
    handlers.s                               0x00000000   Number         0  handlers.o ABSOLUTE
    init.c                                   0x00000000   Number         0  init.o ABSOLUTE
    init.c                                   0x00000000   Number         0  init.o ABSOLUTE
    init.s                                   0x00000000   Number         0  init.o ABSOLUTE
    main.c                                   0x00000000   Number         0  main.o ABSOLUTE
    main.c                                   0x00000000   Number         0  main.o ABSOLUTE
    prpLine.c                                0x00000000   Number         0  prpline.o ABSOLUTE
    prpLine.c                                0x00000000   Number         0  prpline.o ABSOLUTE
    retarget.c                               0x00000000   Number         0  retarget.o ABSOLUTE
    retarget.c                               0x00000000   Number         0  retarget.o ABSOLUTE
    RESET                                    0x08000000   Section      404  startup_stm32f401xx.o(RESET)
    .ARM.Collect$$$$00000000                 0x08000194   Section        0  entry.o(.ARM.Collect$$$$00000000)
    .ARM.Collect$$$$00000001                 0x08000194   Section        4  entry2.o(.ARM.Collect$$$$00000001)
    .ARM.Collect$$$$00000004                 0x08000198   Section        4  entry5.o(.ARM.Collect$$$$00000004)
    .ARM.Collect$$$$00000008                 0x0800019c   Section        0  entry7b.o(.ARM.Collect$$$$00000008)
    .ARM.Collect$$$$0000000A                 0x0800019c   Section        0  entry8b.o(.ARM.Collect$$$$0000000A)
    .ARM.Collect$$$$0000000B                 0x0800019c   Section        8  entry9a.o(.ARM.Collect$$$$0000000B)
    .ARM.Collect$$$$0000000D                 0x080001a4   Section        0  entry10a.o(.ARM.Collect$$$$0000000D)
    .ARM.Collect$$$$0000000F                 0x080001a4   Section        0  entry11a.o(.ARM.Collect$$$$0000000F)
    .ARM.Collect$$$$00002712                 0x080001a4   Section        4  entry2.o(.ARM.Collect$$$$00002712)
    __lit__00000000                          0x080001a4   Data           4  entry2.o(.ARM.Collect$$$$00002712)
    .text                                    0x080001a8   Section       36  startup_stm32f401xx.o(.text)
    $v0                                      0x080001a8   Number         0  startup_stm32f401xx.o(.text)
    .text                                    0x080001cc   Section        0  uldiv.o(.text)
    .text                                    0x0800022e   Section        0  memmovea.o(.text)
    .text                                    0x0800026e   Section        0  memseta.o(.text)
    .text                                    0x08000292   Section        0  memchr.o(.text)
    .text                                    0x080002a6   Section        0  uidiv.o(.text)
    .text                                    0x080002d2   Section        0  llshl.o(.text)
    .text                                    0x080002f0   Section        0  llushr.o(.text)
    .text                                    0x08000310   Section       36  init.o(.text)
    i.NVIC_Init                              0x08000334   Section        0  misc.o(i.NVIC_Init)
    i.SysTick_Handler                        0x080003ac   Section        0  drvsystick.o(i.SysTick_Handler)
    i.SystemCoreClockUpdate                  0x08000408   Section        0  system_stm32f4xx.o(i.SystemCoreClockUpdate)
    i.SystemInit                             0x080004c8   Section        0  system_stm32f4xx.o(i.SystemInit)
    i.USART1_IRQHandler                      0x0800052c   Section        0  drvuart.o(i.USART1_IRQHandler)
    i.USART2_IRQHandler                      0x08000564   Section        0  drvuart.o(i.USART2_IRQHandler)
    i.USART6_IRQHandler                      0x0800059c   Section        0  drvuart.o(i.USART6_IRQHandler)
    i.__0printf$3                            0x080005d4   Section        0  printf3.o(i.__0printf$3)
    i.__scatterload_copy                     0x080005f4   Section       14  handlers.o(i.__scatterload_copy)
    i.__scatterload_null                     0x08000602   Section        2  handlers.o(i.__scatterload_null)
    i.__scatterload_zeroinit                 0x08000604   Section       14  handlers.o(i.__scatterload_zeroinit)
    i._printf_core                           0x08000614   Section        0  printf3.o(i._printf_core)
    _printf_core                             0x08000615   Thumb Code   436  printf3.o(i._printf_core)
    i.drvGPIO_configPin                      0x080007cc   Section        0  drvgpio.o(i.drvGPIO_configPin)
    i.drvGPIO_start                          0x080010a8   Section        0  drvgpio.o(i.drvGPIO_start)
    i.drvGPIO_stop                           0x080011a8   Section        0  drvgpio.o(i.drvGPIO_stop)
    i.drvSysTick_start                       0x08001244   Section        0  drvsystick.o(i.drvSysTick_start)
    i.drvSysTick_stop                        0x080013cc   Section        0  drvsystick.o(i.drvSysTick_stop)
    i.drvSysTick_waitForTick                 0x080013e8   Section        0  drvsystick.o(i.drvSysTick_waitForTick)
    i.drvUART_read                           0x08001470   Section        0  drvuart.o(i.drvUART_read)
    i.drvUART_start                          0x08001690   Section        0  drvuart.o(i.drvUART_start)
    i.drvUART_stop                           0x08001be4   Section        0  drvuart.o(i.drvUART_stop)
    i.drvUART_write                          0x08001df0   Section        0  drvuart.o(i.drvUART_write)
    i.fputc                                  0x0800200c   Section        0  retarget.o(i.fputc)
    i.initBasics                             0x0800201c   Section        0  init.o(i.initBasics)
    i.initConsoleUSART                       0x08002108   Section        0  init.o(i.initConsoleUSART)
    i.initInst                               0x080021f4   Section        0  drvgpio.o(i.initInst)
    initInst                                 0x080021f5   Thumb Code    10  drvgpio.o(i.initInst)
    i.initInst                               0x08002204   Section        0  drvsystick.o(i.initInst)
    initInst                                 0x08002205   Thumb Code    12  drvsystick.o(i.initInst)
    i.initInst                               0x08002214   Section        0  drvuart.o(i.initInst)
    initInst                                 0x08002215   Thumb Code    18  drvuart.o(i.initInst)
    i.initInst                               0x0800222c   Section        0  prpline.o(i.initInst)
    initInst                                 0x0800222d   Thumb Code    12  prpline.o(i.initInst)
    i.interruptHandler                       0x0800223c   Section        0  drvuart.o(i.interruptHandler)
    interruptHandler                         0x0800223d   Thumb Code   388  drvuart.o(i.interruptHandler)
    i.main                                   0x080023c8   Section        0  main.o(i.main)
    i.prpLine_handler                        0x08002654   Section        0  prpline.o(i.prpLine_handler)
    i.prpLine_readLine                       0x08002754   Section        0  prpline.o(i.prpLine_readLine)
    i.prpLine_start                          0x08002904   Section        0  prpline.o(i.prpLine_start)
    i.prpLine_stop                           0x08002990   Section        0  prpline.o(i.prpLine_stop)
    i.writeChar                              0x080029a8   Section        0  retarget.o(i.writeChar)
    writeChar                                0x080029a9   Thumb Code    24  retarget.o(i.writeChar)
    .constdata                               0x080029c4   Section       84  main.o(.constdata)
    strApplicationTitle                      0x080029c4   Data          59  main.o(.constdata)
    strApplicationTrailer                    0x080029ff   Data          25  main.o(.constdata)
    .constdata                               0x08002a18   Section       16  cfgplatform.o(.constdata)
    .constdata                               0x08002a28   Section      132  cfgproject.o(.constdata)
    .constdata                               0x08002aac   Section      168  drvgpio.o(.constdata)
    GPIO                                     0x08002aac   Data          40  drvgpio.o(.constdata)
    __func__                                 0x08002ad4   Data          14  drvgpio.o(.constdata)
    __func__                                 0x08002ae2   Data          13  drvgpio.o(.constdata)
    __func__                                 0x08002aef   Data          22  drvgpio.o(.constdata)
    __func__                                 0x08002b05   Data          18  drvgpio.o(.constdata)
    __func__                                 0x08002b17   Data          18  drvgpio.o(.constdata)
    __func__                                 0x08002b29   Data          21  drvgpio.o(.constdata)
    __func__                                 0x08002b3e   Data          22  drvgpio.o(.constdata)
    .constdata                               0x08002b54   Section      103  drvsystick.o(.constdata)
    __func__                                 0x08002b54   Data          17  drvsystick.o(.constdata)
    __func__                                 0x08002b65   Data          21  drvsystick.o(.constdata)
    __func__                                 0x08002b7a   Data          21  drvsystick.o(.constdata)
    __func__                                 0x08002b8f   Data          21  drvsystick.o(.constdata)
    __func__                                 0x08002ba4   Data          23  drvsystick.o(.constdata)
    .constdata                               0x08002bbb   Section      100  drvuart.o(.constdata)
    __func__                                 0x08002bbb   Data          14  drvuart.o(.constdata)
    __func__                                 0x08002bc9   Data          13  drvuart.o(.constdata)
    __func__                                 0x08002bd6   Data          17  drvuart.o(.constdata)
    __func__                                 0x08002be7   Data          13  drvuart.o(.constdata)
    __func__                                 0x08002bf4   Data          29  drvuart.o(.constdata)
    __func__                                 0x08002c11   Data          14  drvuart.o(.constdata)
    .constdata                               0x08002c1f   Section       47  prpline.o(.constdata)
    __func__                                 0x08002c1f   Data          14  prpline.o(.constdata)
    __func__                                 0x08002c2d   Data          16  prpline.o(.constdata)
    __func__                                 0x08002c3d   Data          17  prpline.o(.constdata)
    .data                                    0x20000000   Section       20  system_stm32f4xx.o(.data)
    .data                                    0x20000014   Section        4  stdout.o(.data)
    .bss                                     0x20000018   Section      320  cfgproject.o(.bss)
    sDrvUART_rxBufInstN0                     0x20000018   Data          16  cfgproject.o(.bss)
    sDrvUART_rxBufInstN1                     0x20000028   Data         128  cfgproject.o(.bss)
    sDrvUART_rxBufInstN2                     0x200000a8   Data          16  cfgproject.o(.bss)
    sDrvUART_txBufInstN0                     0x200000b8   Data          16  cfgproject.o(.bss)
    sDrvUART_txBufInstN1                     0x200000c8   Data         128  cfgproject.o(.bss)
    sDrvUART_txBufInstN2                     0x20000148   Data          16  cfgproject.o(.bss)
    .bss                                     0x20000158   Section       20  drvgpio.o(.bss)
    sInstDscr                                0x20000158   Data          20  drvgpio.o(.bss)
    .bss                                     0x20000170   Section       32  drvsystick.o(.bss)
    sInstDscr                                0x20000170   Data          32  drvsystick.o(.bss)
    .bss                                     0x20000190   Section       48  drvuart.o(.bss)
    sInstDscr                                0x20000190   Data          48  drvuart.o(.bss)
    .bss                                     0x200001c0   Section      136  prpline.o(.bss)
    sInstDscr                                0x200001c0   Data         136  prpline.o(.bss)
    STACK                                    0x20000248   Section     1024  startup_stm32f401xx.o(STACK)

    Global Symbols

    Symbol Name                              Value     Ov Type        Size  Object(Section)

    BuildAttributes$$THM_ISAv4$E$P$D$K$B$S$7EM$VFPi3$EXTD16$VFPS$VFMA$PE$A:L22UL41UL21$X:L11$S22US41US21$IEEE1$IW$USESV6$~STKCKD$USESV7$~SHL$OSPACE$ROPI$EBA8$MICROLIB$REQ8$PRES8$EABIv2 0x00000000   Number         0  anon$$obj.o ABSOLUTE
    __ARM_use_no_argv                        0x00000000   Number         0  main.o ABSOLUTE
    _printf_a                                0x00000000   Number         0  stubs.o ABSOLUTE
    _printf_c                                0x00000000   Number         0  stubs.o ABSOLUTE
    _printf_charcount                        0x00000000   Number         0  stubs.o ABSOLUTE
    _printf_d                                0x00000000   Number         0  stubs.o ABSOLUTE
    _printf_e                                0x00000000   Number         0  stubs.o ABSOLUTE
    _printf_f                                0x00000000   Number         0  stubs.o ABSOLUTE
    _printf_flags                            0x00000000   Number         0  stubs.o ABSOLUTE
    _printf_fp_dec                           0x00000000   Number         0  stubs.o ABSOLUTE
    _printf_fp_hex                           0x00000000   Number         0  stubs.o ABSOLUTE
    _printf_g                                0x00000000   Number         0  stubs.o ABSOLUTE
    _printf_i                                0x00000000   Number         0  stubs.o ABSOLUTE
    _printf_int_dec                          0x00000000   Number         0  stubs.o ABSOLUTE
    _printf_l                                0x00000000   Number         0  stubs.o ABSOLUTE
    _printf_lc                               0x00000000   Number         0  stubs.o ABSOLUTE
    _printf_ll                               0x00000000   Number         0  stubs.o ABSOLUTE
    _printf_lld                              0x00000000   Number         0  stubs.o ABSOLUTE
    _printf_lli                              0x00000000   Number         0  stubs.o ABSOLUTE
    _printf_llo                              0x00000000   Number         0  stubs.o ABSOLUTE
    _printf_llu                              0x00000000   Number         0  stubs.o ABSOLUTE
    _printf_llx                              0x00000000   Number         0  stubs.o ABSOLUTE
    _printf_longlong_dec                     0x00000000   Number         0  stubs.o ABSOLUTE
    _printf_longlong_hex                     0x00000000   Number         0  stubs.o ABSOLUTE
    _printf_longlong_oct                     0x00000000   Number         0  stubs.o ABSOLUTE
    _printf_ls                               0x00000000   Number         0  stubs.o ABSOLUTE
    _printf_mbtowc                           0x00000000   Number         0  stubs.o ABSOLUTE
    _printf_n                                0x00000000   Number         0  stubs.o ABSOLUTE
    _printf_o                                0x00000000   Number         0  stubs.o ABSOLUTE
    _printf_p                                0x00000000   Number         0  stubs.o ABSOLUTE
    _printf_percent                          0x00000000   Number         0  stubs.o ABSOLUTE
    _printf_pre_padding                      0x00000000   Number         0  stubs.o ABSOLUTE
    _printf_return_value                     0x00000000   Number         0  stubs.o ABSOLUTE
    _printf_s                                0x00000000   Number         0  stubs.o ABSOLUTE
    _printf_sizespec                         0x00000000   Number         0  stubs.o ABSOLUTE
    _printf_str                              0x00000000   Number         0  stubs.o ABSOLUTE
    _printf_truncate_signed                  0x00000000   Number         0  stubs.o ABSOLUTE
    _printf_truncate_unsigned                0x00000000   Number         0  stubs.o ABSOLUTE
    _printf_u                                0x00000000   Number         0  stubs.o ABSOLUTE
    _printf_wc                               0x00000000   Number         0  stubs.o ABSOLUTE
    _printf_wctomb                           0x00000000   Number         0  stubs.o ABSOLUTE
    _printf_widthprec                        0x00000000   Number         0  stubs.o ABSOLUTE
    _printf_x                                0x00000000   Number         0  stubs.o ABSOLUTE
    __cpp_initialize__aeabi_                  - Undefined Weak Reference
    __cxa_finalize                            - Undefined Weak Reference
    __decompress                              - Undefined Weak Reference
    _clock_init                               - Undefined Weak Reference
    _microlib_exit                            - Undefined Weak Reference
    __Vectors_Size                           0x00000194   Number         0  startup_stm32f401xx.o ABSOLUTE
    __Vectors                                0x08000000   Data           4  startup_stm32f401xx.o(RESET)
    __Vectors_End                            0x08000194   Data           0  startup_stm32f401xx.o(RESET)
    __main                                   0x08000195   Thumb Code     0  entry.o(.ARM.Collect$$$$00000000)
    _main_stk                                0x08000195   Thumb Code     0  entry2.o(.ARM.Collect$$$$00000001)
    _main_scatterload                        0x08000199   Thumb Code     0  entry5.o(.ARM.Collect$$$$00000004)
    __main_after_scatterload                 0x0800019d   Thumb Code     0  entry5.o(.ARM.Collect$$$$00000004)
    _main_clock                              0x0800019d   Thumb Code     0  entry7b.o(.ARM.Collect$$$$00000008)
    _main_cpp_init                           0x0800019d   Thumb Code     0  entry8b.o(.ARM.Collect$$$$0000000A)
    _main_init                               0x0800019d   Thumb Code     0  entry9a.o(.ARM.Collect$$$$0000000B)
    __rt_final_cpp                           0x080001a5   Thumb Code     0  entry10a.o(.ARM.Collect$$$$0000000D)
    __rt_final_exit                          0x080001a5   Thumb Code     0  entry11a.o(.ARM.Collect$$$$0000000F)
    Reset_Handler                            0x080001a9   Thumb Code     8  startup_stm32f401xx.o(.text)
    NMI_Handler                              0x080001b1   Thumb Code     2  startup_stm32f401xx.o(.text)
    HardFault_Handler                        0x080001b3   Thumb Code     2  startup_stm32f401xx.o(.text)
    MemManage_Handler                        0x080001b5   Thumb Code     2  startup_stm32f401xx.o(.text)
    BusFault_Handler                         0x080001b7   Thumb Code     2  startup_stm32f401xx.o(.text)
    UsageFault_Handler                       0x080001b9   Thumb Code     2  startup_stm32f401xx.o(.text)
    SVC_Handler                              0x080001bb   Thumb Code     2  startup_stm32f401xx.o(.text)
    DebugMon_Handler                         0x080001bd   Thumb Code     2  startup_stm32f401xx.o(.text)
    PendSV_Handler                           0x080001bf   Thumb Code     2  startup_stm32f401xx.o(.text)
    ADC_IRQHandler                           0x080001c3   Thumb Code     0  startup_stm32f401xx.o(.text)
    DMA1_Stream0_IRQHandler                  0x080001c3   Thumb Code     0  startup_stm32f401xx.o(.text)
    DMA1_Stream1_IRQHandler                  0x080001c3   Thumb Code     0  startup_stm32f401xx.o(.text)
    DMA1_Stream2_IRQHandler                  0x080001c3   Thumb Code     0  startup_stm32f401xx.o(.text)
    DMA1_Stream3_IRQHandler                  0x080001c3   Thumb Code     0  startup_stm32f401xx.o(.text)
    DMA1_Stream4_IRQHandler                  0x080001c3   Thumb Code     0  startup_stm32f401xx.o(.text)
    DMA1_Stream5_IRQHandler                  0x080001c3   Thumb Code     0  startup_stm32f401xx.o(.text)
    DMA1_Stream6_IRQHandler                  0x080001c3   Thumb Code     0  startup_stm32f401xx.o(.text)
    DMA1_Stream7_IRQHandler                  0x080001c3   Thumb Code     0  startup_stm32f401xx.o(.text)
    DMA2_Stream0_IRQHandler                  0x080001c3   Thumb Code     0  startup_stm32f401xx.o(.text)
    DMA2_Stream1_IRQHandler                  0x080001c3   Thumb Code     0  startup_stm32f401xx.o(.text)
    DMA2_Stream2_IRQHandler                  0x080001c3   Thumb Code     0  startup_stm32f401xx.o(.text)
    DMA2_Stream3_IRQHandler                  0x080001c3   Thumb Code     0  startup_stm32f401xx.o(.text)
    DMA2_Stream4_IRQHandler                  0x080001c3   Thumb Code     0  startup_stm32f401xx.o(.text)
    DMA2_Stream5_IRQHandler                  0x080001c3   Thumb Code     0  startup_stm32f401xx.o(.text)
    DMA2_Stream6_IRQHandler                  0x080001c3   Thumb Code     0  startup_stm32f401xx.o(.text)
    DMA2_Stream7_IRQHandler                  0x080001c3   Thumb Code     0  startup_stm32f401xx.o(.text)
    EXTI0_IRQHandler                         0x080001c3   Thumb Code     0  startup_stm32f401xx.o(.text)
    EXTI15_10_IRQHandler                     0x080001c3   Thumb Code     0  startup_stm32f401xx.o(.text)
    EXTI1_IRQHandler                         0x080001c3   Thumb Code     0  startup_stm32f401xx.o(.text)
    EXTI2_IRQHandler                         0x080001c3   Thumb Code     0  startup_stm32f401xx.o(.text)
    EXTI3_IRQHandler                         0x080001c3   Thumb Code     0  startup_stm32f401xx.o(.text)
    EXTI4_IRQHandler                         0x080001c3   Thumb Code     0  startup_stm32f401xx.o(.text)
    EXTI9_5_IRQHandler                       0x080001c3   Thumb Code     0  startup_stm32f401xx.o(.text)
    FLASH_IRQHandler                         0x080001c3   Thumb Code     0  startup_stm32f401xx.o(.text)
    FPU_IRQHandler                           0x080001c3   Thumb Code     0  startup_stm32f401xx.o(.text)
    I2C1_ER_IRQHandler                       0x080001c3   Thumb Code     0  startup_stm32f401xx.o(.text)
    I2C1_EV_IRQHandler                       0x080001c3   Thumb Code     0  startup_stm32f401xx.o(.text)
    I2C2_ER_IRQHandler                       0x080001c3   Thumb Code     0  startup_stm32f401xx.o(.text)
    I2C2_EV_IRQHandler                       0x080001c3   Thumb Code     0  startup_stm32f401xx.o(.text)
    I2C3_ER_IRQHandler                       0x080001c3   Thumb Code     0  startup_stm32f401xx.o(.text)
    I2C3_EV_IRQHandler                       0x080001c3   Thumb Code     0  startup_stm32f401xx.o(.text)
    OTG_FS_IRQHandler                        0x080001c3   Thumb Code     0  startup_stm32f401xx.o(.text)
    OTG_FS_WKUP_IRQHandler                   0x080001c3   Thumb Code     0  startup_stm32f401xx.o(.text)
    PVD_IRQHandler                           0x080001c3   Thumb Code     0  startup_stm32f401xx.o(.text)
    RCC_IRQHandler                           0x080001c3   Thumb Code     0  startup_stm32f401xx.o(.text)
    RTC_Alarm_IRQHandler                     0x080001c3   Thumb Code     0  startup_stm32f401xx.o(.text)
    RTC_WKUP_IRQHandler                      0x080001c3   Thumb Code     0  startup_stm32f401xx.o(.text)
    SDIO_IRQHandler                          0x080001c3   Thumb Code     0  startup_stm32f401xx.o(.text)
    SPI1_IRQHandler                          0x080001c3   Thumb Code     0  startup_stm32f401xx.o(.text)
    SPI2_IRQHandler                          0x080001c3   Thumb Code     0  startup_stm32f401xx.o(.text)
    SPI3_IRQHandler                          0x080001c3   Thumb Code     0  startup_stm32f401xx.o(.text)
    SPI4_IRQHandler                          0x080001c3   Thumb Code     0  startup_stm32f401xx.o(.text)
    TAMP_STAMP_IRQHandler                    0x080001c3   Thumb Code     0  startup_stm32f401xx.o(.text)
    TIM1_BRK_TIM9_IRQHandler                 0x080001c3   Thumb Code     0  startup_stm32f401xx.o(.text)
    TIM1_CC_IRQHandler                       0x080001c3   Thumb Code     0  startup_stm32f401xx.o(.text)
    TIM1_TRG_COM_TIM11_IRQHandler            0x080001c3   Thumb Code     0  startup_stm32f401xx.o(.text)
    TIM1_UP_TIM10_IRQHandler                 0x080001c3   Thumb Code     0  startup_stm32f401xx.o(.text)
    TIM2_IRQHandler                          0x080001c3   Thumb Code     0  startup_stm32f401xx.o(.text)
    TIM3_IRQHandler                          0x080001c3   Thumb Code     0  startup_stm32f401xx.o(.text)
    TIM4_IRQHandler                          0x080001c3   Thumb Code     0  startup_stm32f401xx.o(.text)
    TIM5_IRQHandler                          0x080001c3   Thumb Code     0  startup_stm32f401xx.o(.text)
    WWDG_IRQHandler                          0x080001c3   Thumb Code     0  startup_stm32f401xx.o(.text)
    __aeabi_uldivmod                         0x080001cd   Thumb Code    98  uldiv.o(.text)
    ___aeabi_memcpy4$move                    0x0800022f   Thumb Code     0  memmovea.o(.text)
    ___aeabi_memcpy8$move                    0x0800022f   Thumb Code     0  memmovea.o(.text)
    __aeabi_memcpy                           0x0800022f   Thumb Code    64  memmovea.o(.text)
    __aeabi_memmove                          0x0800022f   Thumb Code     0  memmovea.o(.text)
    __aeabi_memmove4                         0x0800022f   Thumb Code     0  memmovea.o(.text)
    __aeabi_memmove8                         0x0800022f   Thumb Code     0  memmovea.o(.text)
    __aeabi_memset                           0x0800026f   Thumb Code    14  memseta.o(.text)
    __aeabi_memset4                          0x0800026f   Thumb Code     0  memseta.o(.text)
    __aeabi_memset8                          0x0800026f   Thumb Code     0  memseta.o(.text)
    __aeabi_memclr                           0x0800027d   Thumb Code     4  memseta.o(.text)
    __aeabi_memclr4                          0x0800027d   Thumb Code     0  memseta.o(.text)
    __aeabi_memclr8                          0x0800027d   Thumb Code     0  memseta.o(.text)
    _memset$wrapper                          0x08000281   Thumb Code    18  memseta.o(.text)
    memchr                                   0x08000293   Thumb Code    20  memchr.o(.text)
    __aeabi_uidiv                            0x080002a7   Thumb Code     0  uidiv.o(.text)
    __aeabi_uidivmod                         0x080002a7   Thumb Code    44  uidiv.o(.text)
    __aeabi_llsl                             0x080002d3   Thumb Code    30  llshl.o(.text)
    _ll_shift_l                              0x080002d3   Thumb Code     0  llshl.o(.text)
    __aeabi_llsr                             0x080002f1   Thumb Code    32  llushr.o(.text)
    _ll_ushift_r                             0x080002f1   Thumb Code     0  llushr.o(.text)
    __scatterload                            0x08000311   Thumb Code    28  init.o(.text)
    __scatterload_rt2                        0x08000311   Thumb Code     0  init.o(.text)
    NVIC_Init                                0x08000335   Thumb Code   106  misc.o(i.NVIC_Init)
    SysTick_Handler                          0x080003ad   Thumb Code    82  drvsystick.o(i.SysTick_Handler)
    SystemCoreClockUpdate                    0x08000409   Thumb Code   170  system_stm32f4xx.o(i.SystemCoreClockUpdate)
    SystemInit                               0x080004c9   Thumb Code    82  system_stm32f4xx.o(i.SystemInit)
    USART1_IRQHandler                        0x0800052d   Thumb Code    46  drvuart.o(i.USART1_IRQHandler)
    USART2_IRQHandler                        0x08000565   Thumb Code    46  drvuart.o(i.USART2_IRQHandler)
    USART6_IRQHandler                        0x0800059d   Thumb Code    46  drvuart.o(i.USART6_IRQHandler)
    __0printf$3                              0x080005d5   Thumb Code    22  printf3.o(i.__0printf$3)
    __1printf$3                              0x080005d5   Thumb Code     0  printf3.o(i.__0printf$3)
    __2printf                                0x080005d5   Thumb Code     0  printf3.o(i.__0printf$3)
    __scatterload_copy                       0x080005f5   Thumb Code    14  handlers.o(i.__scatterload_copy)
    __scatterload_null                       0x08000603   Thumb Code     2  handlers.o(i.__scatterload_null)
    __scatterload_zeroinit                   0x08000605   Thumb Code    14  handlers.o(i.__scatterload_zeroinit)
    drvGPIO_configPin                        0x080007cd   Thumb Code  2262  drvgpio.o(i.drvGPIO_configPin)
    drvGPIO_start                            0x080010a9   Thumb Code   118  drvgpio.o(i.drvGPIO_start)
    drvGPIO_stop                             0x080011a9   Thumb Code    66  drvgpio.o(i.drvGPIO_stop)
    drvSysTick_start                         0x08001245   Thumb Code   218  drvsystick.o(i.drvSysTick_start)
    drvSysTick_stop                          0x080013cd   Thumb Code    24  drvsystick.o(i.drvSysTick_stop)
    drvSysTick_waitForTick                   0x080013e9   Thumb Code    58  drvsystick.o(i.drvSysTick_waitForTick)
    drvUART_read                             0x08001471   Thumb Code   392  drvuart.o(i.drvUART_read)
    drvUART_start                            0x08001691   Thumb Code  1358  drvuart.o(i.drvUART_start)
    drvUART_stop                             0x08001be5   Thumb Code   392  drvuart.o(i.drvUART_stop)
    drvUART_write                            0x08001df1   Thumb Code   386  drvuart.o(i.drvUART_write)
    fputc                                    0x0800200d   Thumb Code    14  retarget.o(i.fputc)
    initBasics                               0x0800201d   Thumb Code   216  init.o(i.initBasics)
    initConsoleUSART                         0x08002109   Thumb Code   214  init.o(i.initConsoleUSART)
    main                                     0x080023c9   Thumb Code   242  main.o(i.main)
    prpLine_handler                          0x08002655   Thumb Code   152  prpline.o(i.prpLine_handler)
    prpLine_readLine                         0x08002755   Thumb Code   302  prpline.o(i.prpLine_readLine)
    prpLine_start                            0x08002905   Thumb Code    56  prpline.o(i.prpLine_start)
    prpLine_stop                             0x08002991   Thumb Code    20  prpline.o(i.prpLine_stop)
    cfgAPB_AHB_prescalerTable                0x08002a18   Data          16  cfgplatform.o(.constdata)
    cfgDrvUART                               0x08002a28   Data         132  cfgproject.o(.constdata)
    Region$$Table$$Base                      0x08002c50   Number         0  anon$$obj.o(Region$$Table)
    Region$$Table$$Limit                     0x08002c70   Number         0  anon$$obj.o(Region$$Table)
    SystemCoreClock                          0x20000000   Data           4  system_stm32f4xx.o(.data)
    AHBPrescTable                            0x20000004   Data          16  system_stm32f4xx.o(.data)
    __stdout                                 0x20000014   Data           4  stdout.o(.data)
    __initial_sp                             0x20000648   Data           0  startup_stm32f401xx.o(STACK)



==============================================================================

Memory Map of the image

  Image Entry point : 0x08000195

  Load Region LR_IROM1 (Base: 0x08000000, Size: 0x00002c88, Max: 0x00060000, ABSOLUTE)

    Execution Region ER_IROM1 (Base: 0x08000000, Size: 0x00002c70, Max: 0x00060000, ABSOLUTE)

    Base Addr    Size         Type   Attr      Idx    E Section Name        Object

    0x08000000   0x00000194   Data   RO          848    RESET               startup_stm32f401xx.o
    0x08000194   0x00000000   Code   RO          885  * .ARM.Collect$$$$00000000  mc_w.l(entry.o)
    0x08000194   0x00000004   Code   RO         1163    .ARM.Collect$$$$00000001  mc_w.l(entry2.o)
    0x08000198   0x00000004   Code   RO         1166    .ARM.Collect$$$$00000004  mc_w.l(entry5.o)
    0x0800019c   0x00000000   Code   RO         1168    .ARM.Collect$$$$00000008  mc_w.l(entry7b.o)
    0x0800019c   0x00000000   Code   RO         1170    .ARM.Collect$$$$0000000A  mc_w.l(entry8b.o)
    0x0800019c   0x00000008   Code   RO         1171    .ARM.Collect$$$$0000000B  mc_w.l(entry9a.o)
    0x080001a4   0x00000000   Code   RO         1173    .ARM.Collect$$$$0000000D  mc_w.l(entry10a.o)
    0x080001a4   0x00000000   Code   RO         1175    .ARM.Collect$$$$0000000F  mc_w.l(entry11a.o)
    0x080001a4   0x00000004   Code   RO         1164    .ARM.Collect$$$$00002712  mc_w.l(entry2.o)
    0x080001a8   0x00000024   Code   RO          849    .text               startup_stm32f401xx.o
    0x080001cc   0x00000062   Code   RO          888    .text               mc_w.l(uldiv.o)
    0x0800022e   0x00000040   Code   RO          892    .text               mc_w.l(memmovea.o)
    0x0800026e   0x00000024   Code   RO          894    .text               mc_w.l(memseta.o)
    0x08000292   0x00000014   Code   RO          896    .text               mc_w.l(memchr.o)
    0x080002a6   0x0000002c   Code   RO         1178    .text               mc_w.l(uidiv.o)
    0x080002d2   0x0000001e   Code   RO         1180    .text               mc_w.l(llshl.o)
    0x080002f0   0x00000020   Code   RO         1182    .text               mc_w.l(llushr.o)
    0x08000310   0x00000024   Code   RO         1195    .text               mc_w.l(init.o)
    0x08000334   0x00000078   Code   RO          473    i.NVIC_Init         misc.o
    0x080003ac   0x0000005c   Code   RO          267    i.SysTick_Handler   drvsystick.o
    0x08000408   0x000000c0   Code   RO          855    i.SystemCoreClockUpdate  system_stm32f4xx.o
    0x080004c8   0x00000064   Code   RO          856    i.SystemInit        system_stm32f4xx.o
    0x0800052c   0x00000038   Code   RO          335    i.USART1_IRQHandler  drvuart.o
    0x08000564   0x00000038   Code   RO          336    i.USART2_IRQHandler  drvuart.o
    0x0800059c   0x00000038   Code   RO          337    i.USART6_IRQHandler  drvuart.o
    0x080005d4   0x00000020   Code   RO          991    i.__0printf$3       mc_w.l(printf3.o)
    0x080005f4   0x0000000e   Code   RO         1203    i.__scatterload_copy  mc_w.l(handlers.o)
    0x08000602   0x00000002   Code   RO         1204    i.__scatterload_null  mc_w.l(handlers.o)
    0x08000604   0x0000000e   Code   RO         1205    i.__scatterload_zeroinit  mc_w.l(handlers.o)
    0x08000612   0x00000002   PAD
    0x08000614   0x000001b8   Code   RO          998    i._printf_core      mc_w.l(printf3.o)
    0x080007cc   0x000008dc   Code   RO          201    i.drvGPIO_configPin  drvgpio.o
    0x080010a8   0x00000100   Code   RO          205    i.drvGPIO_start     drvgpio.o
    0x080011a8   0x0000009c   Code   RO          206    i.drvGPIO_stop      drvgpio.o
    0x08001244   0x00000188   Code   RO          271    i.drvSysTick_start  drvsystick.o
    0x080013cc   0x0000001c   Code   RO          272    i.drvSysTick_stop   drvsystick.o
    0x080013e8   0x00000088   Code   RO          273    i.drvSysTick_waitForTick  drvsystick.o
    0x08001470   0x00000220   Code   RO          339    i.drvUART_read      drvuart.o
    0x08001690   0x00000554   Code   RO          341    i.drvUART_start     drvuart.o
    0x08001be4   0x0000020c   Code   RO          342    i.drvUART_stop      drvuart.o
    0x08001df0   0x0000021c   Code   RO          343    i.drvUART_write     drvuart.o
    0x0800200c   0x0000000e   Code   RO          119    i.fputc             retarget.o
    0x0800201a   0x00000002   PAD
    0x0800201c   0x000000ec   Code   RO            3    i.initBasics        init.o
    0x08002108   0x000000ec   Code   RO            4    i.initConsoleUSART  init.o
    0x080021f4   0x00000010   Code   RO          207    i.initInst          drvgpio.o
    0x08002204   0x00000010   Code   RO          274    i.initInst          drvsystick.o
    0x08002214   0x00000018   Code   RO          344    i.initInst          drvuart.o
    0x0800222c   0x00000010   Code   RO          420    i.initInst          prpline.o
    0x0800223c   0x0000018c   Code   RO          345    i.interruptHandler  drvuart.o
    0x080023c8   0x0000028c   Code   RO           82    i.main              main.o
    0x08002654   0x00000100   Code   RO          421    i.prpLine_handler   prpline.o
    0x08002754   0x000001b0   Code   RO          422    i.prpLine_readLine  prpline.o
    0x08002904   0x0000008c   Code   RO          423    i.prpLine_start     prpline.o
    0x08002990   0x00000018   Code   RO          424    i.prpLine_stop      prpline.o
    0x080029a8   0x0000001c   Code   RO          121    i.writeChar         retarget.o
    0x080029c4   0x00000054   Data   RO           83    .constdata          main.o
    0x08002a18   0x00000010   Data   RO          159    .constdata          cfgplatform.o
    0x08002a28   0x00000084   Data   RO          180    .constdata          cfgproject.o
    0x08002aac   0x000000a8   Data   RO          209    .constdata          drvgpio.o
    0x08002b54   0x00000067   Data   RO          276    .constdata          drvsystick.o
    0x08002bbb   0x00000064   Data   RO          347    .constdata          drvuart.o
    0x08002c1f   0x0000002f   Data   RO          426    .constdata          prpline.o
    0x08002c4e   0x00000002   PAD
    0x08002c50   0x00000020   Data   RO         1201    Region$$Table       anon$$obj.o


    Execution Region RW_IRAM1 (Base: 0x20000000, Size: 0x00000648, Max: 0x00018000, ABSOLUTE)

    Base Addr    Size         Type   Attr      Idx    E Section Name        Object

    0x20000000   0x00000014   Data   RW          857    .data               system_stm32f4xx.o
    0x20000014   0x00000004   Data   RW         1177    .data               mc_w.l(stdout.o)
    0x20000018   0x00000140   Zero   RW          179    .bss                cfgproject.o
    0x20000158   0x00000014   Zero   RW          208    .bss                drvgpio.o
    0x2000016c   0x00000004   PAD
    0x20000170   0x00000020   Zero   RW          275    .bss                drvsystick.o
    0x20000190   0x00000030   Zero   RW          346    .bss                drvuart.o
    0x200001c0   0x00000088   Zero   RW          425    .bss                prpline.o
    0x20000248   0x00000400   Zero   RW          846    STACK               startup_stm32f401xx.o


==============================================================================

Image component sizes


      Code (inc. data)   RO Data    RW Data    ZI Data      Debug   Object Name

         0          0         16          0          0        712   cfgplatform.o
         0          0        132          0        320        881   cfgproject.o
      2696        446        168          0         20       6726   drvgpio.o
       664        270        103          0         32      32712   drvsystick.o
      3560        704        100          0         48       9712   drvuart.o
       472         42          0          0          0     251403   init.o
       652        410         84          0          0       2939   main.o
       120         14          0          0          0       1180   misc.o
       868        326         47          0        136       3880   prpline.o
        42          4          0          0          0       1024   retarget.o
        36          8        404          0       1024        864   startup_stm32f401xx.o
       292         40          0         20          0       2005   system_stm32f4xx.o

    ----------------------------------------------------------------------
      9404       2264       1088         20       1584     314038   Object Totals
         0          0         32          0          0          0   (incl. Generated)
         2          0          2          0          4          0   (incl. Padding)

    ----------------------------------------------------------------------

      Code (inc. data)   RO Data    RW Data    ZI Data      Debug   Library Member Name

         0          0          0          0          0          0   entry.o
         0          0          0          0          0          0   entry10a.o
         0          0          0          0          0          0   entry11a.o
         8          4          0          0          0          0   entry2.o
         4          0          0          0          0          0   entry5.o
         0          0          0          0          0          0   entry7b.o
         0          0          0          0          0          0   entry8b.o
         8          4          0          0          0          0   entry9a.o
        30          0          0          0          0          0   handlers.o
        36          8          0          0          0         68   init.o
        30          0          0          0          0         68   llshl.o
        32          0          0          0          0         68   llushr.o
        20          0          0          0          0         68   memchr.o
        64          0          0          0          0         76   memmovea.o
        36          0          0          0          0        108   memseta.o
       472         14          0          0          0        184   printf3.o
         0          0          0          4          0          0   stdout.o
        44          0          0          0          0         80   uidiv.o
        98          0          0          0          0         92   uldiv.o

    ----------------------------------------------------------------------
       884         30          0          4          0        812   Library Totals
         2          0          0          0          0          0   (incl. Padding)

    ----------------------------------------------------------------------

      Code (inc. data)   RO Data    RW Data    ZI Data      Debug   Library Name

       882         30          0          4          0        812   mc_w.l

    ----------------------------------------------------------------------
       884         30          0          4          0        812   Library Totals

    ----------------------------------------------------------------------

==============================================================================


      Code (inc. data)   RO Data    RW Data    ZI Data      Debug   

     10288       2294       1088         24       1584     311890   Grand Totals
     10288       2294       1088         24       1584     311890   ELF Image Totals
     10288       2294       1088         24          0          0   ROM Totals

==============================================================================

    Total RO  Size (Code + RO Data)                11376 (  11.11kB)
    Total RW  Size (RW Data + ZI Data)              1608 (   1.57kB)
    Total ROM Size (Code + RO Data + RW Data)      11400 (  11.13kB)

==============================================================================

